2026-03-29T09:32:44.578+01:00  INFO 17512 --- [monitoring] [main] m.ens.monitoring.MonitoringApplication   : Starting MonitoringApplication using Java 17.0.18 with PID 17512 (C:\Users\HP\Downloads\monitoring\build\classes\java\main started by HP in C:\Users\HP\Downloads\monitoring)
2026-03-29T09:32:44.580+01:00 DEBUG 17512 --- [monitoring] [main] m.ens.monitoring.MonitoringApplication   : Running with Spring Boot v3.5.13, Spring v6.2.17
2026-03-29T09:32:44.580+01:00  INFO 17512 --- [monitoring] [main] m.ens.monitoring.MonitoringApplication   : No active profile set, falling back to 1 default profile: "default"
2026-03-29T09:32:45.671+01:00  INFO 17512 --- [monitoring] [main] o.s.b.w.embedded.tomcat.TomcatWebServer  : Tomcat initialized with port 8080 (http)
2026-03-29T09:32:45.682+01:00  INFO 17512 --- [monitoring] [main] o.apache.catalina.core.StandardService   : Starting service [Tomcat]
2026-03-29T09:32:45.683+01:00  INFO 17512 --- [monitoring] [main] o.apache.catalina.core.StandardEngine    : Starting Servlet engine: [Apache Tomcat/10.1.53]
2026-03-29T09:32:45.727+01:00  INFO 17512 --- [monitoring] [main] o.a.c.c.C.[Tomcat].[localhost].[/]       : Initializing Spring embedded WebApplicationContext
2026-03-29T09:32:45.728+01:00  INFO 17512 --- [monitoring] [main] w.s.c.ServletWebServerApplicationContext : Root WebApplicationContext: initialization completed in 1098 ms
2026-03-29T09:32:46.354+01:00  INFO 17512 --- [monitoring] [main] o.s.b.a.e.web.EndpointLinksResolver      : Exposing 15 endpoints beneath base path '/actuator'
2026-03-29T09:32:46.413+01:00  INFO 17512 --- [monitoring] [main] o.s.b.w.embedded.tomcat.TomcatWebServer  : Tomcat started on port 8080 (http) with context path '/'
2026-03-29T09:32:46.428+01:00  INFO 17512 --- [monitoring] [main] m.ens.monitoring.MonitoringApplication   : Started MonitoringApplication in 2.32 seconds (process running for 2.881)
2026-03-29T09:32:46.812+01:00  INFO 17512 --- [monitoring] [RMI TCP Connection(1)-192.168.11.101] o.a.c.c.C.[Tomcat].[localhost].[/]       : Initializing Spring DispatcherServlet 'dispatcherServlet'
2026-03-29T09:32:46.813+01:00  INFO 17512 --- [monitoring] [RMI TCP Connection(1)-192.168.11.101] o.s.web.servlet.DispatcherServlet        : Initializing Servlet 'dispatcherServlet'
2026-03-29T09:32:46.815+01:00  INFO 17512 --- [monitoring] [RMI TCP Connection(1)-192.168.11.101] o.s.web.servlet.DispatcherServlet        : Completed initialization in 2 ms
2026-03-29T09:33:04.465+01:00  INFO 17512 --- [monitoring] [http-nio-8080-exec-1] ma.ens.monitoring.service.DemoService    : Démarrage du traitement des données
2026-03-29T09:33:04.975+01:00  INFO 17512 --- [monitoring] [http-nio-8080-exec-1] ma.ens.monitoring.service.DemoService    : Traitement terminé avec succès
2026-03-29T09:38:18.595+01:00  INFO 17512 --- [monitoring] [SpringApplicationShutdownHook] o.s.b.w.e.tomcat.GracefulShutdown        : Commencing graceful shutdown. Waiting for active requests to complete
2026-03-29T09:38:18.797+01:00  INFO 17512 --- [monitoring] [tomcat-shutdown] o.s.b.w.e.tomcat.GracefulShutdown        : Graceful shutdown complete
2026-03-29T09:38:21.144+01:00  INFO 20464 --- [monitoring] [main] m.ens.monitoring.MonitoringApplication   : Starting MonitoringApplication using Java 17.0.18 with PID 20464 (C:\Users\HP\Downloads\monitoring\build\classes\java\main started by HP in C:\Users\HP\Downloads\monitoring)
2026-03-29T09:38:21.146+01:00 DEBUG 20464 --- [monitoring] [main] m.ens.monitoring.MonitoringApplication   : Running with Spring Boot v3.5.13, Spring v6.2.17
2026-03-29T09:38:21.147+01:00  INFO 20464 --- [monitoring] [main] m.ens.monitoring.MonitoringApplication   : No active profile set, falling back to 1 default profile: "default"
2026-03-29T09:38:22.205+01:00  INFO 20464 --- [monitoring] [main] o.s.b.w.embedded.tomcat.TomcatWebServer  : Tomcat initialized with port 8080 (http)
2026-03-29T09:38:22.221+01:00  INFO 20464 --- [monitoring] [main] o.apache.catalina.core.StandardService   : Starting service [Tomcat]
2026-03-29T09:38:22.221+01:00  INFO 20464 --- [monitoring] [main] o.apache.catalina.core.StandardEngine    : Starting Servlet engine: [Apache Tomcat/10.1.53]
2026-03-29T09:38:22.276+01:00  INFO 20464 --- [monitoring] [main] o.a.c.c.C.[Tomcat].[localhost].[/]       : Initializing Spring embedded WebApplicationContext
2026-03-29T09:38:22.277+01:00  INFO 20464 --- [monitoring] [main] w.s.c.ServletWebServerApplicationContext : Root WebApplicationContext: initialization completed in 1084 ms
2026-03-29T09:38:22.890+01:00  INFO 20464 --- [monitoring] [main] o.s.b.a.e.web.EndpointLinksResolver      : Exposing 15 endpoints beneath base path '/actuator'
2026-03-29T09:38:22.953+01:00  INFO 20464 --- [monitoring] [main] o.s.b.w.embedded.tomcat.TomcatWebServer  : Tomcat started on port 8080 (http) with context path '/'
2026-03-29T09:38:22.968+01:00  INFO 20464 --- [monitoring] [main] m.ens.monitoring.MonitoringApplication   : Started MonitoringApplication in 2.309 seconds (process running for 2.801)
2026-03-29T09:38:23.446+01:00  INFO 20464 --- [monitoring] [RMI TCP Connection(3)-192.168.11.101] o.a.c.c.C.[Tomcat].[localhost].[/]       : Initializing Spring DispatcherServlet 'dispatcherServlet'
2026-03-29T09:38:23.447+01:00  INFO 20464 --- [monitoring] [RMI TCP Connection(3)-192.168.11.101] o.s.web.servlet.DispatcherServlet        : Initializing Servlet 'dispatcherServlet'
2026-03-29T09:38:23.449+01:00  INFO 20464 --- [monitoring] [RMI TCP Connection(3)-192.168.11.101] o.s.web.servlet.DispatcherServlet        : Completed initialization in 1 ms
2026-03-29T10:48:30.860+01:00  INFO 20464 --- [monitoring] [SpringApplicationShutdownHook] o.s.b.w.e.tomcat.GracefulShutdown        : Commencing graceful shutdown. Waiting for active requests to complete
2026-03-29T10:48:31.071+01:00  INFO 20464 --- [monitoring] [tomcat-shutdown] o.s.b.w.e.tomcat.GracefulShutdown        : Graceful shutdown complete
2026-03-29T10:48:36.135+01:00  INFO 19900 --- [monitoring] [main] m.ens.monitoring.MonitoringApplication   : Starting MonitoringApplication using Java 17.0.18 with PID 19900 (C:\Users\HP\Downloads\monitoring\build\classes\java\main started by HP in C:\Users\HP\Downloads\monitoring)
2026-03-29T10:48:36.137+01:00 DEBUG 19900 --- [monitoring] [main] m.ens.monitoring.MonitoringApplication   : Running with Spring Boot v3.5.13, Spring v6.2.17
2026-03-29T10:48:36.138+01:00  INFO 19900 --- [monitoring] [main] m.ens.monitoring.MonitoringApplication   : No active profile set, falling back to 1 default profile: "default"
2026-03-29T10:48:37.260+01:00  INFO 19900 --- [monitoring] [main] o.s.b.w.embedded.tomcat.TomcatWebServer  : Tomcat initialized with port 8080 (http)
2026-03-29T10:48:37.275+01:00  INFO 19900 --- [monitoring] [main] o.apache.catalina.core.StandardService   : Starting service [Tomcat]
2026-03-29T10:48:37.276+01:00  INFO 19900 --- [monitoring] [main] o.apache.catalina.core.StandardEngine    : Starting Servlet engine: [Apache Tomcat/10.1.53]
2026-03-29T10:48:37.331+01:00  INFO 19900 --- [monitoring] [main] o.a.c.c.C.[Tomcat].[localhost].[/]       : Initializing Spring embedded WebApplicationContext
2026-03-29T10:48:37.331+01:00  INFO 19900 --- [monitoring] [main] w.s.c.ServletWebServerApplicationContext : Root WebApplicationContext: initialization completed in 1139 ms
2026-03-29T10:48:37.950+01:00  INFO 19900 --- [monitoring] [main] o.s.b.a.e.web.EndpointLinksResolver      : Exposing 15 endpoints beneath base path '/actuator'
2026-03-29T10:48:38.023+01:00  INFO 19900 --- [monitoring] [main] o.s.b.w.embedded.tomcat.TomcatWebServer  : Tomcat started on port 8080 (http) with context path '/'
2026-03-29T10:48:38.039+01:00  INFO 19900 --- [monitoring] [main] m.ens.monitoring.MonitoringApplication   : Started MonitoringApplication in 2.421 seconds (process running for 3.085)
2026-03-29T10:48:38.398+01:00  INFO 19900 --- [monitoring] [RMI TCP Connection(3)-192.168.11.101] o.a.c.c.C.[Tomcat].[localhost].[/]       : Initializing Spring DispatcherServlet 'dispatcherServlet'
2026-03-29T10:48:38.399+01:00  INFO 19900 --- [monitoring] [RMI TCP Connection(3)-192.168.11.101] o.s.web.servlet.DispatcherServlet        : Initializing Servlet 'dispatcherServlet'
2026-03-29T10:48:38.401+01:00  INFO 19900 --- [monitoring] [RMI TCP Connection(3)-192.168.11.101] o.s.web.servlet.DispatcherServlet        : Completed initialization in 2 ms
2026-03-29T10:49:27.960+01:00  INFO 19900 --- [monitoring] [http-nio-8080-exec-1] ma.ens.monitoring.service.DemoService    : Démarrage du traitement des données
2026-03-29T10:49:28.470+01:00  INFO 19900 --- [monitoring] [http-nio-8080-exec-1] ma.ens.monitoring.service.DemoService    : Traitement terminé avec succès
2026-03-29T10:49:29.851+01:00  INFO 19900 --- [monitoring] [http-nio-8080-exec-7] ma.ens.monitoring.service.DemoService    : Démarrage du traitement des données
2026-03-29T10:49:30.366+01:00  INFO 19900 --- [monitoring] [http-nio-8080-exec-7] ma.ens.monitoring.service.DemoService    : Traitement terminé avec succès
2026-03-29T10:49:31.438+01:00  INFO 19900 --- [monitoring] [http-nio-8080-exec-4] ma.ens.monitoring.service.DemoService    : Démarrage du traitement des données
2026-03-29T10:49:31.950+01:00  INFO 19900 --- [monitoring] [http-nio-8080-exec-4] ma.ens.monitoring.service.DemoService    : Traitement terminé avec succès
2026-03-29T10:49:33.039+01:00  INFO 19900 --- [monitoring] [http-nio-8080-exec-5] ma.ens.monitoring.service.DemoService    : Démarrage du traitement des données
2026-03-29T10:49:33.549+01:00  INFO 19900 --- [monitoring] [http-nio-8080-exec-5] ma.ens.monitoring.service.DemoService    : Traitement terminé avec succès
2026-03-29T10:49:34.632+01:00  INFO 19900 --- [monitoring] [http-nio-8080-exec-6] ma.ens.monitoring.service.DemoService    : Démarrage du traitement des données
2026-03-29T10:49:35.147+01:00  INFO 19900 --- [monitoring] [http-nio-8080-exec-6] ma.ens.monitoring.service.DemoService    : Traitement terminé avec succès
2026-03-29T10:49:36.225+01:00  INFO 19900 --- [monitoring] [http-nio-8080-exec-8] ma.ens.monitoring.service.DemoService    : Démarrage du traitement des données
2026-03-29T10:49:36.728+01:00  INFO 19900 --- [monitoring] [http-nio-8080-exec-8] ma.ens.monitoring.service.DemoService    : Traitement terminé avec succès
2026-03-29T10:49:37.808+01:00  INFO 19900 --- [monitoring] [http-nio-8080-exec-9] ma.ens.monitoring.service.DemoService    : Démarrage du traitement des données
2026-03-29T10:49:38.320+01:00  INFO 19900 --- [monitoring] [http-nio-8080-exec-9] ma.ens.monitoring.service.DemoService    : Traitement terminé avec succès
2026-03-29T10:49:39.383+01:00  INFO 19900 --- [monitoring] [http-nio-8080-exec-10] ma.ens.monitoring.service.DemoService    : Démarrage du traitement des données
2026-03-29T10:49:39.915+01:00  INFO 19900 --- [monitoring] [http-nio-8080-exec-10] ma.ens.monitoring.service.DemoService    : Traitement terminé avec succès
2026-03-29T10:49:41.018+01:00  INFO 19900 --- [monitoring] [http-nio-8080-exec-2] ma.ens.monitoring.service.DemoService    : Démarrage du traitement des données
2026-03-29T10:49:41.532+01:00  INFO 19900 --- [monitoring] [http-nio-8080-exec-2] ma.ens.monitoring.service.DemoService    : Traitement terminé avec succès
2026-03-29T10:49:42.606+01:00  INFO 19900 --- [monitoring] [http-nio-8080-exec-7] ma.ens.monitoring.service.DemoService    : Démarrage du traitement des données
2026-03-29T10:49:43.120+01:00  INFO 19900 --- [monitoring] [http-nio-8080-exec-7] ma.ens.monitoring.service.DemoService    : Traitement terminé avec succès
2026-03-29T11:54:51.807+01:00  INFO 19900 --- [monitoring] [http-nio-8080-exec-9] ma.ens.monitoring.service.DemoService    : Démarrage du traitement des données
2026-03-29T11:54:52.324+01:00  INFO 19900 --- [monitoring] [http-nio-8080-exec-9] ma.ens.monitoring.service.DemoService    : Traitement terminé avec succès
